
Memory Configuration

Name             Origin             Length             Attributes
SRAM             0x20000000         0x00020000         xrw
FLASH            0x08000000         0x00080000         xr
*default*        0x00000000         0xffffffff

Linker script and memory map

LOAD main.o
LOAD GPIO_prog.o
LOAD RCC_prog.o
LOAD sysTick_prog.o
LOAD startup.o

.text           0x08000000      0xec0
 *(.text)
 .text          0x08000000       0x40 main.o
                0x08000000                main
 .text          0x08000040      0x4ac GPIO_prog.o
                0x08000040                GPIO_u8PinInit
                0x08000264                GPIO_u8SetPinValue
                0x08000344                GPIO_u8TogglePinValue
                0x08000410                GPIO_u8ReadPinValue
 .text          0x080004ec      0x5b8 RCC_prog.o
                0x080004ec                RCC_SetSysClock
                0x0800052c                RCC_SetClockStatus
                0x0800074c                RCC_PLLMConfig
                0x08000810                RCC_AHBConfig
                0x08000850                RCC_APBConfig
                0x080008b0                RCC_AHB1EnableClock
                0x080008e0                RCC_AHB1DisableClock
                0x08000914                RCC_AHB2EnableClock
                0x08000944                RCC_AHB2DisableClock
                0x08000978                RCC_AHB3EnableClock
                0x080009a8                RCC_AHB3DisableClock
                0x080009dc                RCC_APB1EnableClock
                0x08000a0c                RCC_APB1DisableClock
                0x08000a40                RCC_APB2EnableClock
                0x08000a70                RCC_APB2DisableClock
 .text          0x08000aa4      0x1d4 sysTick_prog.o
                0x08000aa4                SysTick_Init
                0x08000b04                SysTick_Delayus
                0x08000b78                SysTick_Delayms
                0x08000b98                SysTick_InterruptTimer_ms
                0x08000c0c                SysTick_DisableInterrupt
                0x08000c28                Systick_InterruptSetCallBack
                0x08000c5c                SysTick_Handler
 .text          0x08000c78       0x84 startup.o
                0x08000c78                RTC_Alarm_IRQHandler
                0x08000c78                EXTI2_IRQHandler
                0x08000c78                TIM8_CC_IRQHandler
                0x08000c78                DebugMon_Handler
                0x08000c78                FMPI2C1_EV_IRQHandler
                0x08000c78                SPI4_IRQHandler
                0x08000c78                TIM1_CC_IRQHandler
                0x08000c78                DMA2_Stream5_IRQHandler
                0x08000c78                HardFault_Handler
                0x08000c78                DMA1_Stream5_IRQHandler
                0x08000c78                PVD_IRQHandler
                0x08000c78                SDIO_IRQHandler
                0x08000c78                TAMP_STAMP_IRQHandler
                0x08000c78                PendSV_Handler
                0x08000c78                NMI_Handler
                0x08000c78                CAN2_RX1_IRQHandler
                0x08000c78                EXTI3_IRQHandler
                0x08000c78                TIM1_UP_TIM10_IRQHandler
                0x08000c78                TIM8_UP_TIM13_IRQHandler
                0x08000c78                I2C3_ER_IRQHandler
                0x08000c78                EXTI0_IRQHandler
                0x08000c78                I2C2_EV_IRQHandler
                0x08000c78                DMA1_Stream2_IRQHandler
                0x08000c78                CAN1_RX0_IRQHandler
                0x08000c78                FPU_IRQHandler
                0x08000c78                OTG_HS_WKUP_IRQHandler
                0x08000c78                UsageFault_Handler
                0x08000c78                CAN2_SCE_IRQHandler
                0x08000c78                DMA2_Stream2_IRQHandler
                0x08000c78                SPI1_IRQHandler
                0x08000c78                TIM6_DAC_IRQHandler
                0x08000c78                TIM1_BRK_TIM9_IRQHandler
                0x08000c78                DCMI_IRQHandler
                0x08000c78                CAN2_RX0_IRQHandler
                0x08000c78                DMA2_Stream3_IRQHandler
                0x08000c78                SAI2_IRQHandler
                0x08000c78                USART6_IRQHandler
                0x08000c78                TIM1_TRG_COM_TIM11_IRQHandl
                0x08000c78                USART3_IRQHandler
                0x08000c78                SAI1_IRQHandler
                0x08000c78                TIM8_TRG_COM_TIM14_IRQHandl
                0x08000c78                CAN1_RX1_IRQHandler
                0x08000c78                UART5_IRQHandler
                0x08000c78                DMA2_Stream0_IRQHandler
                0x08000c78                TIM4_IRQHandler
                0x08000c78                QUADSPI_IRQHandler
                0x08000c78                I2C1_EV_IRQHandler
                0x08000c78                DMA1_Stream6_IRQHandler
                0x08000c78                DMA1_Stream1_IRQHandler
                0x08000c78                UART4_IRQHandler
                0x08000c78                TIM3_IRQHandler
                0x08000c78                RCC_IRQHandler
                0x08000c78                TIM8_BRK_TIM12_IRQHandler
                0x08000c78                Default_Handler
                0x08000c78                CEC_IRQHandler
                0x08000c78                EXTI15_10_IRQHandler
                0x08000c78                ADC_IRQHandler
                0x08000c78                DMA1_Stream7_IRQHandler
                0x08000c78                TIM7_IRQHandler
                0x08000c78                CAN2_TX_IRQHandler
                0x08000c78                TIM5_IRQHandler
                0x08000c78                DMA2_Stream7_IRQHandler
                0x08000c78                I2C3_EV_IRQHandler
                0x08000c78                EXTI9_5_IRQHandler
                0x08000c78                RTC_WKUP_IRQHandler
                0x08000c78                SPDIF_RX_IRQHandler
                0x08000c78                SPI2_IRQHandler
                0x08000c78                OTG_HS_EP1_IN_IRQHandler
                0x08000c78                MemManage_Handler
                0x08000c78                DMA1_Stream0_IRQHandler
                0x08000c78                CAN1_TX_IRQHandler
                0x08000c78                SVC_Handler
                0x08000c78                FMPI2C1_ER_IRQHandler
                0x08000c78                EXTI4_IRQHandler
                0x08000c78                OTG_HS_EP1_OUT_IRQHandler
                0x08000c78                WWDG_IRQHandler
                0x08000c78                TIM2_IRQHandler
                0x08000c78                OTG_FS_WKUP_IRQHandler
                0x08000c78                OTG_HS_IRQHandler
                0x08000c78                EXTI1_IRQHandler
                0x08000c78                USART2_IRQHandler
                0x08000c78                I2C2_ER_IRQHandler
                0x08000c78                DMA2_Stream1_IRQHandler
                0x08000c78                CAN1_SCE_IRQHandler
                0x08000c78                FLASH_IRQHandler
                0x08000c78                DMA2_Stream4_IRQHandler
                0x08000c78                BusFault_Handler
                0x08000c78                USART1_IRQHandler
                0x08000c78                OTG_FS_IRQHandler
                0x08000c78                SPI3_IRQHandler
                0x08000c78                DMA1_Stream4_IRQHandler
                0x08000c78                I2C1_ER_IRQHandler
                0x08000c78                FMC_IRQHandler
                0x08000c78                DMA2_Stream6_IRQHandler
                0x08000c78                DMA1_Stream3_IRQHandler
                0x08000c7e                Reset_Handler
 *(.isr_vector)
 .isr_vector    0x08000cfc      0x1c4 startup.o
                0x08000cfc                Vectors
 *(.rodata)
                0x08000ec0                . = ALIGN (0x4)
                0x08000ec0                _etext = .

.glue_7         0x08000ec0        0x0
 .glue_7        0x08000ec0        0x0 linker stubs

.glue_7t        0x08000ec0        0x0
 .glue_7t       0x08000ec0        0x0 linker stubs

.vfp11_veneer   0x08000ec0        0x0
 .vfp11_veneer  0x08000ec0        0x0 linker stubs

.v4_bx          0x08000ec0        0x0
 .v4_bx         0x08000ec0        0x0 linker stubs

.iplt           0x08000ec0        0x0
 .iplt          0x08000ec0        0x0 main.o

.rel.dyn        0x08000ec0        0x0
 .rel.iplt      0x08000ec0        0x0 main.o

.data           0x20000000        0x0 load address 0x08000ec0
                0x20000000                _sdata = .
 *(.data)
 .data          0x20000000        0x0 main.o
 .data          0x20000000        0x0 GPIO_prog.o
 .data          0x20000000        0x0 RCC_prog.o
 .data          0x20000000        0x0 sysTick_prog.o
 .data          0x20000000        0x0 startup.o
                0x20000000                . = ALIGN (0x4)
                0x20000000                _edata = .

.igot.plt       0x20000000        0x0 load address 0x08000ec0
 .igot.plt      0x20000000        0x0 main.o

.bss            0x20000000        0x8 load address 0x08000ec0
                0x20000000                _sbss = .
 *(.bss)
 .bss           0x20000000        0x0 main.o
 .bss           0x20000000        0x0 GPIO_prog.o
 .bss           0x20000000        0x0 RCC_prog.o
 .bss           0x20000000        0x8 sysTick_prog.o
 .bss           0x20000008        0x0 startup.o
                0x20000008                . = ALIGN (0x4)
                0x20000008                _ebss = .
OUTPUT(executble.elf elf32-littlearm)
LOAD linker stubs

.comment        0x00000000       0x49
 .comment       0x00000000       0x49 main.o
                                 0x4a (size before relaxing)
 .comment       0x00000049       0x4a GPIO_prog.o
 .comment       0x00000049       0x4a RCC_prog.o
 .comment       0x00000049       0x4a sysTick_prog.o
 .comment       0x00000049       0x4a startup.o

.ARM.attributes
                0x00000000       0x2e
 .ARM.attributes
                0x00000000       0x2e main.o
 .ARM.attributes
                0x0000002e       0x2e GPIO_prog.o
 .ARM.attributes
                0x0000005c       0x2e RCC_prog.o
 .ARM.attributes
                0x0000008a       0x2e sysTick_prog.o
 .ARM.attributes
                0x000000b8       0x2e startup.o
